Starting Omega...oc

!!! fixpoint:[( Q(m,n,k), ((k=m & 0<=m & m<=n) | (n=k & 0<=k & k<=m)), true, true)]
Stop Omega... 7 invocations 
!!! log(small):(0.006811,7)
Total verification time: 0.121718 second(s)
	Time spent in main process: 0.050908 second(s)
	Time spent in child processes: 0.07081 second(s)

