
!!!Full processing file "ho/msg.ss"
Parsing file "ho/msg.ss" by default parser...
File "ho/msg.ss", line 9, characters 13-14
 --error: Stream.Error("[id_ann_list_opt] expected after OBRACE (in [opt_brace_vars])")
 at:caught

Exception occurred: Stream.Error("[id_ann_list_opt] expected after OBRACE (in [opt_brace_vars])")
Error3(s) detected at main 
