!!! init_tp by default: 
!!! Using z3
Starting z3... 

Last Proving Location: 1 File "ho/wait.slk",Line:1,Col:10

ERROR: at ho/wait.slk_1:10_1:32
Message: compute_view_fw_bw: data not found: WAIT

!!! WARNING logtime exception:0.004
Entail 1: EXCast. Globals.Illegal_Prover_Format("z3.smt_of_exp: ERROR in constraints (set/tup2) should not appear here :  {tup2_c1_c2,tup2_c2_c1}")
: no residue 

