
!!!Full processing file "t/ll.ss"
Parsing file "t/ll.ss" by default parser...

!!! processing primitives "["prelude.ss"]
Starting Omega...oc
Starting z3... 

WARNING: t/ll.ss_17:10_17:25:view defn for ell has incorrectly supplied invariant
-- incorrect under-approx inv : Some([([self], 0<=n)])


0 false contexts at: ()
