Starting Omega...oc
H is defined.
G is defined.


*************************************
*******relational definition ********
*************************************
[ H(y,v) ::= emp&v=0 & 0<v(3,4)]
*************************************
Stop Omega... 0 invocations 
!!! log(small):(0.,0)
Total verification time: 0.053305 second(s)
	Time spent in main process: 0.039695 second(s)
	Time spent in child processes: 0.01361 second(s)

