
!!!Full processing file "demo/test1.ss"
Parsing file "demo/test1.ss" by default parser...

!!! processing primitives "["prelude.ss"]
Starting Omega...oc
Starting z3... 

Checking procedure foo$node... 


******************************
   ******* SPECIFICATION ********
******************************
 infer[ H,G]requires H(x)&true
 ensures G(x)&true{,(3,4)=__norm};

*************************************
*******relational assumptions ********
*************************************
[ // BIND
(0)H(x)&true --> x::node<val2,next2> * HP_1229(next2)&
true(3,4),
 // BIND
(0)HP_1229(next2)&true --> next2::node<val1,next1> * HP_1236(next1)&
true(3,4),
 // PRE_REC
(1;0)HP_1236(next1)&next1!=null --> H(next1)&
true(3,4),
 // POST
(1;0)x::node<val2,next2> * next2::node<val1,next1> * G(next1)&
next1!=null --> G(x)&
true(3,4),
 // POST
(2;0)x::node<val2,next2> * next2::node<val1,next1> * HP_1236(next1)&
next1=null --> G(x)&
true(3,4)]

Procedure foo$node SUCCESS.

!!! shape inference for flow:(3,4)
*********************************************************
*******relational definition (flow= (3,4))********
*********************************************************
[ H(x1) ::=  [x1::node<val,next> * next::node<val1,next1> * HP_1236(next1)&x1!=null],
 G(x2) ::=  [x2::node<val,next> * next::node<val1,next1> * G(next1)&next1!=null; 
x2::node<val,next> * next::node<val1,next1>&next1=null],
 HP_1236(next4) ::=  [emp&next4=null; next4::node<val3,next3> * next3::node<val1,next1> * 
HP_1236(next1)]]
*************************************

*************************************
*******relational definition ********
*************************************
[ H(x1) ::= x1::node<val,next> * next::node<val1,next1> * HP_1236(next1)&x1!=null(3,4),
 G(x2) ::= 
 x2::node<val,next> * next::node<val1,next1>&next1=null
 or x2::node<val,next> * next::node<val1,next1> * G(next1)&next1!=null
 (3,4),
 HP_1236(next4) ::= 
 next4::node<val3,next3> * next3::node<val1,next1> * HP_1236(next1)
 or emp&next4=null
 (3,4)]
*************************************
Stop Omega... 3 invocations 
0 false contexts at: ()

!!! log(small):(0.048015,313)
Total verification time: 0.321988 second(s)
	Time spent in main process: 0.307971 second(s)
	Time spent in child processes: 0.014017 second(s)

