
!!!Full processing file "demo/tll-2.ss"
Parsing file "demo/tll-2.ss" by default parser...
File "demo/tll-2.ss", line 11, characters 0-5
 --error: Stream.Error("IDENTIFIER _ then OPAREN expected after [typ] (in [proc_header])")
 at:(Program not linked with -g, cannot print stack backtrace)
caught
(Program not linked with -g, cannot print stack backtrace)

Exception occurred: Stream.Error("IDENTIFIER _ then OPAREN expected after [typ] (in [proc_header])")
Error3(s) detected at main 
