Starting Omega...oc
H1 is defined.
H2 is defined.
Starting z3... 

Entail (1) : Valid. 

Stop Omega... 0 invocations 
SAT Count   : 6
SAT % Hit   : 33.33%
IMPLY Count : 2
IMPLY % Hit : 50.%
Time(cache overhead) : 0.000341 (seconds)

!!! log(small):(0.008359,10)
Total verification time: 0.05515 second(s)
	Time spent in main process: 0.042063 second(s)
	Time spent in child processes: 0.013087 second(s)

