Starting Omega...oc
File "hip/ll-app.slk", line 27, characters 49-50
 error: Stream.Error("EOF expected after [command_list] (in [sprog])")
 at:(Program not linked with -g, cannot print stack backtrace)
SLEEK FAILURE (END)
Stop Omega... 0 invocations 
!!! log(small):(0.,0)
Total verification time: 0.053198 second(s)
	Time spent in main process: 0.039517 second(s)
	Time spent in child processes: 0.013681 second(s)

