Starting Omega...oc
File "bugs/dll-4.slk", line 12, characters 10-12
 error: Stream.Error("CONSTR or REL_GUARD expected after [meta_constr] (in [relassume_cmd])")
 at:(Program not linked with -g, cannot print stack backtrace)
SLEEK FAILURE (END)
Stop Omega... 0 invocations 
!!! log(small):(0.,0)
Total verification time: 0.051594 second(s)
	Time spent in main process: 0.037334 second(s)
	Time spent in child processes: 0.01426 second(s)

