Starting Omega...oc
File "bugs/i-app2.slk", line 11, characters 10-12
 error: Stream.Error("CONSTR or REL_GUARD expected after [meta_constr] (in [relassume_cmd])")
 at:(Program not linked with -g, cannot print stack backtrace)
SLEEK FAILURE (END)
Stop Omega... 0 invocations 
!!! log(small):(0.,0)
Total verification time: 0.05237 second(s)
	Time spent in main process: 0.038248 second(s)
	Time spent in child processes: 0.014122 second(s)

