Starting Omega...oc
H is defined.
Starting z3... 

Entail (1) : Valid. 

 <1>hfalse&false&{FLOW,(3,4)=__norm}[]
 inferred pure: [x!=0]
[[empty]]

Stop Omega... 1 invocations 
SAT Count   : 5
SAT % Hit   : 40.%
IMPLY Count : 1
IMPLY % Hit : 0.%
Time(cache overhead) : 0.000233 (seconds)

!!! log(small):(0.005577,7)
Total verification time: 0.054772 second(s)
	Time spent in main process: 0.040259 second(s)
	Time spent in child processes: 0.014513 second(s)

