Starting Omega...oc

Checkeq (1) : Fail.

!!!Final MTL: [[]]
Checkeq (2) : Valid.
Checkeq (3) : Fail.

ERROR: at _0:0_0:0 
Message: not handle checkeq 2 pure formula that have OR yet
 SLEEK FAILURE (END)
Stop Omega... 0 invocations 
!!! log(small):(0.,0)
Total verification time: 0.060499 second(s)
	Time spent in main process: 0.046354 second(s)
	Time spent in child processes: 0.014145 second(s)

