ERROR : /usr/bin/z3-4.3.2 cannot be found!!

!!!Full processing file "t/exc5.ss"
Parsing file "t/exc5.ss" by default parser...

!!! processing primitives "["prelude.ss"]
Starting Omega.../usr/local/bin/oc

Checking procedure loop$int... 
Procedure loop$int SUCCESS.

*************************************
******pure relation assumption*******
*************************************
[RELDEFN post_1353(Exp#E): ( res=888) -->  post_1353(x,res,flow)]
*************************************
