
!!!Full processing file "hip/s2l2-v2-i.ss"
Parsing file "hip/s2l2-v2-i.ss" by default parser...

!!! processing primitives "["prelude.ss"]
Starting Omega...oc
Starting z3... 

Checking procedure s2l$node... 
Procedure s2l$node SUCCESS.

Checking procedure s2l$node... 
Termination checking result: 
(29)->(29) (MayTerm ERR: not decreasing)  Term[94; r] ->  Term[94; r_1337]
(27)->(27) (MayTerm ERR: not decreasing)  Term[94; r] ->  Term[94; r_1281]


0 false contexts at: ()
