!!! init_tp by default: 
!!! Using z3
Starting z3... 
Starting Omega.../usr/local/bin/oc

Entail (1) : Valid. 

Residue:
 <1>emp&x1+1=x & P(x1)&{FLOW,(4,5)=__norm#E}[]
 inferred rel: [RELDEFN P: ( P(x1) & x1+1=x) -->  P(x)]


Entail (2) : Valid. 

Residue:
 <1>emp&x=0&{FLOW,(22,23)=__Exc#E}[]
 inferred rel: [RELDEFN P(__Exc#E): ( x=0) -->  P(x)]


!!! fixpoint2:[( P(x,flow), flow>=22 & 23>=flow & x>=0)]

