
!!!Full processing file "slk/invalid-1b.ss"
Parsing file "slk/invalid-1b.ss" by default parser...

!!! processing primitives "["prelude.ss"]
Starting Omega...oc
Starting z3... 

Checking procedure f$int... 
Procedure f$int SUCCESS.

Checking procedure f$int... 

!!! Termination Inference is not performed due to errors in verification process.



Termination checking result: 
(0) (ERR: unexpected unsound Loop at return)


0 false contexts at: ()
