!!! init_tp by default: 
!!! Using z3
Starting z3... 

Last Proving Location: 1 File "slk/err.slk",Line:4,Col:10

ERROR: at slk/err.slk_8:10_8:20
Message: compute_view_fw_bw: data not found: CNT

Entail 1: Valid. 

Residue:
 <1>emp&a_106=flted_21_98 & flted_21_98+1=0&{FLOW,(1,3)=__Fail#E}[]


CheckNorm (2) :  c::CNT{}<flted_26_112> * c::CNT{}<flted_26_111>&flted_26_112+1=0 & 
flted_26_111=1&{FLOW,(4,5)=__norm#E}[]


Entail 3: Valid. 


Entail 4: Fail.(must) cause:empty states


