Starting Omega...oc
H is defined.
HP_1 is defined.
HP_4 is defined.
G is defined.
GP_2 is defined.
GP_3 is defined.

Entail (1) : Valid. 

 <1>GP_2(next_23_831,next_18_813)&next_18_813!=null & v_null_23_836=null&{FLOW,(19,20)=__norm}[]
 inferred hprel: [x::node<val_18_812,next_18_813>@M * 
                   GP_3(next_18_813,res@NI) * 
                   res::node<val_23_830,v_null_23_836>@M&next_18_813!=null & 
                   v_null_23_836=null --> G(res,x)]


