Starting Omega...oc
H2 is defined.
G2 is defined.
HP_5 is defined.
HP_6 is defined.
HP_9 is defined.

*************************************
*******relational assumptions (1) ********
*************************************
[ HP_6(y,x) --> y::node<val_27_794,next_27_795>@M * HP_9(next_27_795,x),
 y_39::node<val_27_794,next_27_795>@M * HP_9(next_27_795,x_38) * 
  HP_5(n_37,y_39) * x_38::node<Anon_36,n_37>@M --> G2(x_38,y_39)]
*************************************

