Starting Omega...oc
H2 is defined.
G2 is defined.
HP_5 is defined.
HP_6 is defined.
HP_9 is defined.

!!! unknown: [((),(HP_5,[a,b])),((),(HP_9,[a,b]))]

!!! >>>>>> step 1: find dangling ptrs, link pre and post-preds dangling preds<<<<<<
!!! >>>>>> step 2: split constraints based on pre and post-preds<<<<<<
!!! *** NO SPLITTING DONE ***
!!! >>>>>> step 3: apply transitive implication<<<<<<
!!! >>>>>> step 3a: simplification <<<<<<
!!! >>>>>> step 3b: do apply_transitive_imp <<<<<<
!!! >>>>>> pre-predicates<<<<<<
!!! >>>>>> step pre-4: remove unused predicates<<<<<<
!!! >>>>>> pre-predicates: step pre-5: group & simpl impl<<<<<<
!!! >>>>>> pre-predicates: step pre-6: combine<<<<<<
!!! >>>>>> pre-predicates: step pre-7: remove redundant x!=null<<<<<<
!!! >>>>>> pre-predicates: step pre-8: strengthen<<<<<<
!!! >>>>>> step 6: generalization <<<<<<
!!! >>>>>> post-predicates<<<<<<
!!! >>>>>> step post-4: step remove unused predicates<<<<<<
!!! >>>>>> post-predicates: step post-5: remove redundant x!=null : not implemented yet<<<<<<
!!! >>>>>> post-predicates: step post-61: weaken<<<<<<

*************************************
*******relational definition ********
*************************************
[ H2(x_53,y_54) ::=  x_53::node<val_24_783,next_24_784>@M * HP_5(next_24_784,y_54) * 
y_54::node<val_27_794,next_27_52>@M * HP_9(next_27_52,x_53),
 HP_6(y_55,x_56) ::=  y_55::node<val_27_794,next_27_795>@M * HP_9(next_27_795,x_56),
 G2(x_58,y_59) ::=  
 HP_5(next_24_784,y_59) * x_58::node<val_24_783,next_24_784>@M * 
 y_59::node<val_27_794,next_27_57>@M * HP_9(next_27_57,x_58)&next_24_784=null
 or HP_5(next_24_784,y_59) * x_58::node<val_24_783,next_24_784>@M * 
    HP_9(next_27_57,x_58) * y_59::node<val_27_794,next_27_57>@M&
    next_24_784!=null
 ,
 HP_5(a,b) ::= NONE,
 HP_9(a,b) ::= NONE]
*************************************

