Starting Omega...oc
H is defined.
H_4 is defined.
H_5 is defined.
H_6 is defined.
G is defined.
Starting z3... 

Entail (1) : Valid. 

SLEEK FAILURE (END)
Stop Omega... 0 invocations 
SAT Count   : 16
SAT % Hit   : 87.5%
Time(cache overhead) : 0.000523 (seconds)

!!! log(small):(0.010387,18)
Total verification time: 0.06316 second(s)
	Time spent in main process: 0.048925 second(s)
	Time spent in child processes: 0.014235 second(s)

