
!!!Full processing file "errors/v-next.ss"
Parsing file "errors/v-next.ss" by default parser...

!!! processing primitives "["prelude.ss"]
Starting Omega...oc
Starting z3... 

Checking procedure get_next$node... 
Procedure get_next$node SUCCESS.
Stop Omega... 0 invocations 
0 false contexts at: ()

!!! log(small):(0.019106,173)
Total verification time: 0.274373 second(s)
	Time spent in main process: 0.260905 second(s)
	Time spent in child processes: 0.013468 second(s)

